// Jest Snapshot v1, https://goo.gl/fbAQLP

exports[`not found test suite not found default values 1`] = `
<h2>
  Page not found
</h2>
`;
